2025-02-03T09:46:07.793204 - 系统提示词：请始终保持积极和专业的态度。回答尽量保持一段话不要太长，适当添加换行符
2025-02-03T09:46:07.794200 - 发送给gpt的提示: 你好
2025-02-03T09:46:19.374412 - Final Reasoning Content: 好的，用户发来了一句“你好”，这是一个常见的中文问候。我需要用友好且正式的语气回应。首先，确认对方的意图，可能只是想打个招呼或者开始一段对话。接下来要考虑是否需要进一步询问他们的需求，比如“有什么可以帮助您的吗？”但根据之前的指示，要保持回答简洁，避免过长。同时，要确保使用换行符分隔段落，使回复看起来更清晰。

然后检查是否有需要特别处理的地方，比如用户可能有隐含的问题或需求，但这里只有简单的问候，所以直接回应即可。要注意保持专业性，不要使用过于随意的表达，但也不能显得生硬。可能需要用“您好！很高兴为您服务。请问有什么我可以帮助您的吗？”这样的结构，既礼貌又开放，邀请用户提出具体问题。

另外，根据要求，回答尽量保持一段话不要太长，所以要控制句子长度，适当换行。最后再通读一遍，确保没有语法错误，符合中文表达习惯，同时保持积极的态度。
2025-02-03T09:46:19.388403 - Final Content: 您好！很高兴为您服务。请问有什么我可以帮助您的吗？  
无论是咨询问题、寻求建议还是需要其他协助，我都会尽力提供专业解答。
2025-02-03T10:17:30.012577 - 系统提示词：请始终保持积极和专业的态度。回答尽量保持一段话不要太长，适当添加换行符
2025-02-03T10:17:30.030564 - 发送给gpt的提示: 你好
2025-02-03T10:17:51.787573 - Final Reasoning Content: 好的，用户发来了一句简单的“你好”，我需要用中文回应。首先，要确保回复友好且专业，符合之前设定的规则。

用户可能只是打个招呼，或者有具体问题需要帮助。作为助理，应该保持开放态度，鼓励他们提出需求。这时候需要简洁明了，同时表现出乐于助人的意愿。

接下来要考虑的是语气是否合适。需要用亲切的口吻，避免过于正式或生硬。比如，“有什么我可以帮您的吗？”这样的句子既礼貌又直接，适合作为回应。

另外，根据用户的指示，回答要保持一段话不要太长，适当换行。所以需要将内容分成几个短句，每句之间用换行符分隔，这样阅读起来更轻松。

还要检查是否有拼写或语法错误，确保回复的准确性。同时，确认没有使用任何Markdown格式，保持纯文本。最后，快速生成回复，确保及时性。
2025-02-03T10:17:51.803562 - Final Content: 您好！很高兴为您提供帮助。  
请问您今天想了解什么内容？无论是问题解答、建议还是闲聊，我都在这里为您服务～
2025-02-03T10:43:39.584978 - 系统提示词：请始终保持积极和专业的态度。回答尽量保持一段话不要太长，适当添加换行符
2025-02-03T10:43:39.585978 - 发送给gpt的提示: 你好
2025-02-03T10:43:51.537120 - Final Reasoning Content: 好的，用户发来了一句“你好”，这是很常见的打招呼方式。首先，我需要确定用户的意图。看起来他们可能只是想开始一段对话，或者有具体的问题需要帮助。

接下来，我应该回应问候，保持友好和热情。中文里通常会用“你好！有什么可以帮你的吗？”来回复，这样既礼貌又开放，邀请用户进一步说明需求。

再想想，是否需要考虑用户可能的深层需求？比如，他们可能遇到问题但不知道如何表达，或者想了解某个主题。这时候保持回答简洁且有帮助是关键，避免冗长让用户不知所措。

另外，要确保语言口语化，避免使用过于正式或复杂的句子。检查有没有错别字或者语法错误，保持专业性。同时，按照要求使用换行符分隔，使回答更易读。

最后，确认是否覆盖了所有可能的场景，比如技术支持、咨询或闲聊。保持回复的通用性，让用户可以根据自己的需求继续对话。
2025-02-03T10:43:51.539120 - Final Content: 你好！很高兴见到你～  
有什么需要帮忙的吗？我在这里为你解答各种问题、提供建议或陪你聊聊天 ✨
2025-02-03T10:55:29.028148 - 系统提示词：请始终保持积极和专业的态度。回答尽量保持一段话不要太长，适当添加换行符
2025-02-03T10:55:29.030146 - 发送给gpt的提示: 你好
2025-02-03T10:55:39.491821 - Final Reasoning Content: 嗯，用户发来了一句“你好”，这应该是中文的问候。首先，我需要确认用户的语言环境，看起来是中文用户，所以应该用中文回复。接下来，考虑用户可能的意图，他们可能只是打个招呼，或者想开始一段对话，或者有具体的问题需要帮助。这时候我应该保持友好和开放的态度，欢迎他们，并邀请他们提出具体的问题或需求。注意要保持回答简洁，不要太长，同时要专业且亲切。可能需要检查有没有拼写错误，确保回复格式正确，比如使用换行符分隔段落。另外，用户提到之前应该保持积极和专业的态度，所以回复中要体现出乐于助人的态度。最后，确保按照要求使用口语化的中文，避免使用Markdown格式，保持自然流畅。
2025-02-03T10:55:39.492823 - Final Content: 你好！有什么我可以帮你的吗？无论是问题、建议还是闲聊，我都在这儿呢。😊

如果需要特定领域的帮助（比如学习、科技、生活等），随时告诉我哦～
2025-02-03T11:05:56.403130 - 系统提示词：请始终保持积极和专业的态度。回答尽量保持一段话不要太长，适当添加换行符
2025-02-03T11:05:56.408126 - 发送给gpt的提示: 你好
2025-02-03T11:06:09.118567 - Final Reasoning Content: 好的，用户发来了“你好”，这是一个常见的中文问候。我需要用中文回应，保持友好和自然。首先，应该回复“你好！有什么可以帮助你的吗？”这样既礼貌又开放，邀请用户进一步交流。要确保语气亲切，避免过于正式或机械。同时，检查有没有错别字或语法错误。此外，考虑用户可能的后续问题，比如需要信息、帮助解决问题或者闲聊，所以回答应具备灵活性。如果用户接下来提出具体需求，再根据情况调整回应策略。现在确认回复内容合适后发送。
2025-02-03T11:06:09.119567 - Final Content: 你好！很高兴见到你～今天有什么想聊的，或者需要帮忙的地方吗？😊
2025-02-03T11:13:29.667227 - 系统提示词：请始终保持积极和专业的态度。回答尽量保持一段话不要太长，适当添加换行符
2025-02-03T11:13:29.819131 - 发送给gpt的提示: 你好
2025-02-03T11:14:33.134790 - Final Reasoning Content: 好的，用户发来了一句“你好”，这是很常见的打招呼方式。我需要先回应他的问候，然后提供一个开放式的邀请，让他进一步说明需求。要保持友好和专业的语气，避免使用过于复杂的词汇，确保回复简洁明了。同时，注意中文的礼貌用语，比如用“您”来称呼对方更显尊重。需要检查有没有语法错误，确保语句流畅自然。最后，加上换行符让回答看起来更清晰，不要显得拥挤。现在开始组织语言，首先问候回应，然后表达愿意帮助的态度，询问具体需求。这样用户就知道可以继续提问了。
2025-02-03T11:14:33.136789 - Final Content: 您好！很高兴为您提供服务。请问有什么可以帮助您的？无论是问题咨询、信息查询还是日常闲聊，我都在这里为您提供支持。  

请随时告诉我您的需求，我会尽力给出详细解答~
2025-02-03T11:16:57.636311 - Conversation started.
2025-02-03T11:17:25.836564 - 系统提示词：始终保持专业的态度
2025-02-03T11:17:32.903436 - Chunk #1 Reasoning: None
2025-02-03T11:17:32.921424 - Chunk #1 Content: 
2025-02-03T11:17:32.944410 - Chunk #2 Reasoning: 嗯
2025-02-03T11:17:32.960401 - Chunk #2 Content: 
2025-02-03T11:17:33.028358 - Chunk #3 Reasoning: ，用户
2025-02-03T11:17:33.044348 - Chunk #3 Content: 
2025-02-03T11:17:33.202248 - Chunk #4 Reasoning: 发来
2025-02-03T11:17:33.219237 - Chunk #4 Content: 
2025-02-03T11:17:33.462681 - Chunk #5 Reasoning: “
2025-02-03T11:17:33.477672 - Chunk #5 Content: 
2025-02-03T11:17:33.634083 - Chunk #6 Reasoning: 你好”，
2025-02-03T11:17:33.648074 - Chunk #6 Content: 
2025-02-03T11:17:33.811969 - Chunk #7 Reasoning: 这是
2025-02-03T11:17:33.826962 - Chunk #7 Content: 
2025-02-03T11:17:33.982862 - Chunk #8 Reasoning: 很
2025-02-03T11:17:33.999854 - Chunk #8 Content: 
2025-02-03T11:17:34.159751 - Chunk #9 Reasoning: 常见的
2025-02-03T11:17:34.173742 - Chunk #9 Content: 
2025-02-03T11:17:34.351631 - Chunk #10 Reasoning: 打招呼
2025-02-03T11:17:34.365623 - Chunk #10 Content: 
2025-02-03T11:17:34.521522 - Chunk #11 Reasoning: 方式。
2025-02-03T11:17:34.538514 - Chunk #11 Content: 
2025-02-03T11:17:34.704408 - Chunk #12 Reasoning: 首先
2025-02-03T11:17:34.721398 - Chunk #12 Content: 
2025-02-03T11:17:34.872304 - Chunk #13 Reasoning: 我要
2025-02-03T11:17:34.889294 - Chunk #13 Content: 
2025-02-03T11:17:35.049191 - Chunk #14 Reasoning: 确定用户
2025-02-03T11:17:35.064182 - Chunk #14 Content: 
2025-02-03T11:17:35.223083 - Chunk #15 Reasoning: 的需求是什么
2025-02-03T11:17:35.239073 - Chunk #15 Content: 
2025-02-03T11:17:35.395976 - Chunk #16 Reasoning: 。可能有
2025-02-03T11:17:35.411965 - Chunk #16 Content: 
2025-02-03T11:17:35.572985 - Chunk #17 Reasoning: 几种
2025-02-03T11:17:35.588978 - Chunk #17 Content: 
2025-02-03T11:17:35.749873 - Chunk #18 Reasoning: 情况：
2025-02-03T11:17:35.765864 - Chunk #18 Content: 
2025-02-03T11:17:35.924762 - Chunk #19 Reasoning: 他们
2025-02-03T11:17:35.940753 - Chunk #19 Content: 
2025-02-03T11:17:36.104653 - Chunk #20 Reasoning: 可能只是想
2025-02-03T11:17:36.120640 - Chunk #20 Content: 
2025-02-03T11:17:36.278540 - Chunk #21 Reasoning: 测试聊天
2025-02-03T11:17:36.294532 - Chunk #21 Content: 
2025-02-03T11:17:36.453430 - Chunk #22 Reasoning: 机器
2025-02-03T11:17:36.468422 - Chunk #22 Content: 
2025-02-03T11:17:36.632318 - Chunk #23 Reasoning: 人的反应
2025-02-03T11:17:36.648309 - Chunk #23 Content: 
2025-02-03T11:17:36.811206 - Chunk #24 Reasoning: ，或者
2025-02-03T11:17:36.829196 - Chunk #24 Content: 
2025-02-03T11:17:36.985097 - Chunk #25 Reasoning: 有具体
2025-02-03T11:17:37.001085 - Chunk #25 Content: 
2025-02-03T11:17:37.158987 - Chunk #26 Reasoning: 的问题要
2025-02-03T11:17:37.174977 - Chunk #26 Content: 
2025-02-03T11:17:37.337874 - Chunk #27 Reasoning: 问，
2025-02-03T11:17:37.355863 - Chunk #27 Content: 
2025-02-03T11:17:37.514721 - Chunk #28 Reasoning: 但还没
2025-02-03T11:17:37.530711 - Chunk #28 Content: 
2025-02-03T11:17:37.685614 - Chunk #29 Reasoning: 进入
2025-02-03T11:17:37.699605 - Chunk #29 Content: 
2025-02-03T11:17:37.865502 - Chunk #30 Reasoning: 正题
2025-02-03T11:17:37.883490 - Chunk #30 Content: 
2025-02-03T11:17:38.041390 - Chunk #31 Reasoning: 。这时候
2025-02-03T11:17:38.057380 - Chunk #31 Content: 
2025-02-03T11:17:38.223275 - Chunk #32 Reasoning: 需要用
2025-02-03T11:17:38.238267 - Chunk #32 Content: 
2025-02-03T11:17:38.392170 - Chunk #33 Reasoning: 友好的
2025-02-03T11:17:38.410163 - Chunk #33 Content: 
2025-02-03T11:17:38.569059 - Chunk #34 Reasoning: 回应
2025-02-03T11:17:38.584049 - Chunk #34 Content: 
2025-02-03T11:17:38.750944 - Chunk #35 Reasoning: 来鼓励
2025-02-03T11:17:38.770932 - Chunk #35 Content: 
2025-02-03T11:17:38.926833 - Chunk #36 Reasoning: 他们进一步
2025-02-03T11:17:38.945822 - Chunk #36 Content: 
2025-02-03T11:17:39.099424 - Chunk #37 Reasoning: 说明
2025-02-03T11:17:39.115416 - Chunk #37 Content: 
2025-02-03T11:17:39.271316 - Chunk #38 Reasoning: 需求。
2025-02-03T11:17:39.286308 - Chunk #38 Content: 
2025-02-03T11:17:39.449391 - Chunk #39 Reasoning: 同时
2025-02-03T11:17:39.464383 - Chunk #39 Content: 
2025-02-03T11:17:39.625281 - Chunk #40 Reasoning: ，要
2025-02-03T11:17:39.640272 - Chunk #40 Content: 
2025-02-03T11:17:39.805168 - Chunk #41 Reasoning: 简洁
2025-02-03T11:17:39.822158 - Chunk #41 Content: 
2025-02-03T11:17:39.975063 - Chunk #42 Reasoning: 明了
2025-02-03T11:17:39.991052 - Chunk #42 Content: 
2025-02-03T11:17:40.152950 - Chunk #43 Reasoning: ，表现出
2025-02-03T11:17:40.170939 - Chunk #43 Content: 
2025-02-03T11:17:40.332837 - Chunk #44 Reasoning: 愿意
2025-02-03T11:17:40.348826 - Chunk #44 Content: 
2025-02-03T11:17:40.514722 - Chunk #45 Reasoning: 帮助的态度
2025-02-03T11:17:40.530713 - Chunk #45 Content: 
2025-02-03T11:17:40.697607 - Chunk #46 Reasoning: 。考虑到
2025-02-03T11:17:40.713597 - Chunk #46 Content: 
2025-02-03T11:17:40.864492 - Chunk #47 Reasoning: 中文语境
2025-02-03T11:17:40.878485 - Chunk #47 Content: 
2025-02-03T11:17:41.043889 - Chunk #48 Reasoning: ，保持
2025-02-03T11:17:41.059880 - Chunk #48 Content: 
2025-02-03T11:17:41.216780 - Chunk #49 Reasoning: 礼貌和
2025-02-03T11:17:41.232769 - Chunk #49 Content: 
2025-02-03T11:17:41.393669 - Chunk #50 Reasoning: 亲切很重要
2025-02-03T11:17:41.409659 - Chunk #50 Content: 
2025-02-03T11:17:41.570731 - Chunk #51 Reasoning: ，
2025-02-03T11:17:41.587722 - Chunk #51 Content: 
2025-02-03T11:17:41.746620 - Chunk #52 Reasoning: 避免
2025-02-03T11:17:41.762612 - Chunk #52 Content: 
2025-02-03T11:17:41.997517 - Chunk #53 Reasoning: 使用过于
2025-02-03T11:17:42.014506 - Chunk #53 Content: 
2025-02-03T11:17:42.125435 - Chunk #54 Reasoning: 正式或
2025-02-03T11:17:42.141425 - Chunk #54 Content: 
2025-02-03T11:17:42.307320 - Chunk #55 Reasoning: 机械
2025-02-03T11:17:42.323311 - Chunk #55 Content: 
2025-02-03T11:17:42.477214 - Chunk #56 Reasoning: 化的语言
2025-02-03T11:17:42.492204 - Chunk #56 Content: 
2025-02-03T11:17:42.650105 - Chunk #57 Reasoning: 。另外
2025-02-03T11:17:42.666098 - Chunk #57 Content: 
2025-02-03T11:17:42.823996 - Chunk #58 Reasoning: ，可能需要
2025-02-03T11:17:42.840985 - Chunk #58 Content: 
2025-02-03T11:17:42.997886 - Chunk #59 Reasoning: 预
2025-02-03T11:17:43.012877 - Chunk #59 Content: 
2025-02-03T11:17:43.170777 - Chunk #60 Reasoning: 判接下来的
2025-02-03T11:17:43.185768 - Chunk #60 Content: 
2025-02-03T11:17:43.344667 - Chunk #61 Reasoning: 问题，
2025-02-03T11:17:43.359658 - Chunk #61 Content: 
2025-02-03T11:17:43.517036 - Chunk #62 Reasoning: 比如关于
2025-02-03T11:17:43.532028 - Chunk #62 Content: 
2025-02-03T11:17:43.691926 - Chunk #63 Reasoning: 信息
2025-02-03T11:17:43.707917 - Chunk #63 Content: 
2025-02-03T11:17:43.867816 - Chunk #64 Reasoning: 查询
2025-02-03T11:17:43.883806 - Chunk #64 Content: 
2025-02-03T11:17:44.039707 - Chunk #65 Reasoning: 、帮助
2025-02-03T11:17:44.054699 - Chunk #65 Content: 
2025-02-03T11:17:44.213598 - Chunk #66 Reasoning: 解决问题，
2025-02-03T11:17:44.229588 - Chunk #66 Content: 
2025-02-03T11:17:44.389488 - Chunk #67 Reasoning: 或者闲聊
2025-02-03T11:17:44.405477 - Chunk #67 Content: 
2025-02-03T11:17:44.562378 - Chunk #68 Reasoning: 。
2025-02-03T11:17:44.578369 - Chunk #68 Content: 
2025-02-03T11:17:44.736267 - Chunk #69 Reasoning: 所以要
2025-02-03T11:17:44.752259 - Chunk #69 Content: 
2025-02-03T11:17:44.915441 - Chunk #70 Reasoning: 确保接下来的
2025-02-03T11:17:44.929432 - Chunk #70 Content: 
2025-02-03T11:17:45.082335 - Chunk #71 Reasoning: 回复
2025-02-03T11:17:45.099324 - Chunk #71 Content: 
2025-02-03T11:17:45.266457 - Chunk #72 Reasoning: 能
2025-02-03T11:17:45.281446 - Chunk #72 Content: 
2025-02-03T11:17:45.428354 - Chunk #73 Reasoning: 覆盖
2025-02-03T11:17:45.443720 - Chunk #73 Content: 
2025-02-03T11:17:45.601697 - Chunk #74 Reasoning: 这些
2025-02-03T11:17:45.616686 - Chunk #74 Content: 
2025-02-03T11:17:45.773587 - Chunk #75 Reasoning: 可能性，
2025-02-03T11:17:45.788578 - Chunk #75 Content: 
2025-02-03T11:17:45.962468 - Chunk #76 Reasoning: 让
2025-02-03T11:17:45.976461 - Chunk #76 Content: 
2025-02-03T11:17:46.136358 - Chunk #77 Reasoning: 用户感到
2025-02-03T11:17:46.151349 - Chunk #77 Content: 
2025-02-03T11:17:46.311257 - Chunk #78 Reasoning: 被理解
2025-02-03T11:17:46.326247 - Chunk #78 Content: 
2025-02-03T11:17:46.504135 - Chunk #79 Reasoning: 和支持。
2025-02-03T11:17:46.520127 - Chunk #79 Content: 
2025-02-03T11:17:46.662038 - Chunk #80 Reasoning: 另外
2025-02-03T11:17:46.677028 - Chunk #80 Content: 
2025-02-03T11:17:46.825935 - Chunk #81 Reasoning: ，要注意
2025-02-03T11:17:46.841923 - Chunk #81 Content: 
2025-02-03T11:17:47.003822 - Chunk #82 Reasoning: 语言
2025-02-03T11:17:47.020812 - Chunk #82 Content: 
2025-02-03T11:17:47.177711 - Chunk #83 Reasoning: 的自然
2025-02-03T11:17:47.192703 - Chunk #83 Content: 
2025-02-03T11:17:47.353602 - Chunk #84 Reasoning: 流畅，
2025-02-03T11:17:47.370591 - Chunk #84 Content: 
2025-02-03T11:17:47.528925 - Chunk #85 Reasoning: 避免重复
2025-02-03T11:17:47.544916 - Chunk #85 Content: 
2025-02-03T11:17:47.701819 - Chunk #86 Reasoning: 或
2025-02-03T11:17:47.716808 - Chunk #86 Content: 
2025-02-03T11:17:47.872710 - Chunk #87 Reasoning: 冗余。
2025-02-03T11:17:47.889698 - Chunk #87 Content: 
2025-02-03T11:17:48.047599 - Chunk #88 Reasoning: 还要
2025-02-03T11:17:48.063589 - Chunk #88 Content: 
2025-02-03T11:17:48.223491 - Chunk #89 Reasoning: 检查有没有
2025-02-03T11:17:48.239479 - Chunk #89 Content: 
2025-02-03T11:17:48.394382 - Chunk #90 Reasoning: 拼
2025-02-03T11:17:48.409373 - Chunk #90 Content: 
2025-02-03T11:17:48.571572 - Chunk #91 Reasoning: 写或
2025-02-03T11:17:48.587563 - Chunk #91 Content: 
2025-02-03T11:17:48.742462 - Chunk #92 Reasoning: 语法错误
2025-02-03T11:17:48.758454 - Chunk #92 Content: 
2025-02-03T11:17:48.917370 - Chunk #93 Reasoning: ，确保
2025-02-03T11:17:48.933344 - Chunk #93 Content: 
2025-02-03T11:17:49.094241 - Chunk #94 Reasoning: 专业性
2025-02-03T11:17:49.109233 - Chunk #94 Content: 
2025-02-03T11:17:49.272130 - Chunk #95 Reasoning: 。最后
2025-02-03T11:17:49.286123 - Chunk #95 Content: 
2025-02-03T11:17:49.441679 - Chunk #96 Reasoning: ，保持
2025-02-03T11:17:49.457668 - Chunk #96 Content: 
2025-02-03T11:17:49.611571 - Chunk #97 Reasoning: 适当的
2025-02-03T11:17:49.626562 - Chunk #97 Content: 
2025-02-03T11:17:49.785460 - Chunk #98 Reasoning: 长度
2025-02-03T11:17:49.799453 - Chunk #98 Content: 
2025-02-03T11:17:49.962349 - Chunk #99 Reasoning: ，不要
2025-02-03T11:17:49.978341 - Chunk #99 Content: 
2025-02-03T11:17:50.136241 - Chunk #100 Reasoning: 过长，
2025-02-03T11:17:50.150232 - Chunk #100 Content: 
2025-02-03T11:17:50.314129 - Chunk #101 Reasoning: 让用户
2025-02-03T11:17:50.329119 - Chunk #101 Content: 
2025-02-03T11:17:50.484564 - Chunk #102 Reasoning: 能够
2025-02-03T11:17:50.500555 - Chunk #102 Content: 
2025-02-03T11:17:50.660454 - Chunk #103 Reasoning: 轻松
2025-02-03T11:17:50.676444 - Chunk #103 Content: 
2025-02-03T11:17:50.838343 - Chunk #104 Reasoning: 读完
2025-02-03T11:17:50.854332 - Chunk #104 Content: 
2025-02-03T11:17:51.013231 - Chunk #105 Reasoning: 。
2025-02-03T11:17:51.028222 - Chunk #105 Content: 
2025-02-03T11:17:51.187122 - Chunk #106 Reasoning: 可能需要
2025-02-03T11:17:51.204111 - Chunk #106 Content: 
2025-02-03T11:17:51.361011 - Chunk #107 Reasoning: 准备
2025-02-03T11:17:51.377002 - Chunk #107 Content: 
2025-02-03T11:17:51.535821 - Chunk #108 Reasoning: 一个
2025-02-03T11:17:51.550811 - Chunk #108 Content: 
2025-02-03T11:17:51.728701 - Chunk #109 Reasoning: 开放性
2025-02-03T11:17:51.741693 - Chunk #109 Content: 
2025-02-03T11:17:51.883821 - Chunk #110 Reasoning: 结尾
2025-02-03T11:17:51.899812 - Chunk #110 Content: 
2025-02-03T11:17:52.058712 - Chunk #111 Reasoning: ，邀请
2025-02-03T11:17:52.073703 - Chunk #111 Content: 
2025-02-03T11:17:52.234601 - Chunk #112 Reasoning: 用户提出
2025-02-03T11:17:52.249593 - Chunk #112 Content: 
2025-02-03T11:17:52.409911 - Chunk #113 Reasoning: 具体
2025-02-03T11:17:52.422853 - Chunk #113 Content: 
2025-02-03T11:17:52.582750 - Chunk #114 Reasoning: 问题
2025-02-03T11:17:52.597742 - Chunk #114 Content: 
2025-02-03T11:17:52.756640 - Chunk #115 Reasoning: 。

2025-02-03T11:17:52.772632 - Chunk #115 Content: 
2025-02-03T11:17:52.929534 - Chunk #116 Reasoning: None
2025-02-03T11:17:52.944523 - Chunk #116 Content: 


2025-02-03T11:17:53.101948 - Chunk #117 Reasoning: None
2025-02-03T11:17:53.115940 - Chunk #117 Content: 你好！
2025-02-03T11:17:53.272840 - Chunk #118 Reasoning: None
2025-02-03T11:17:53.288830 - Chunk #118 Content: 很高兴见到
2025-02-03T11:17:53.446483 - Chunk #119 Reasoning: None
2025-02-03T11:17:53.461475 - Chunk #119 Content: 你。
2025-02-03T11:17:53.620374 - Chunk #120 Reasoning: None
2025-02-03T11:17:53.635367 - Chunk #120 Content: 有什么我可以
2025-02-03T11:17:53.801260 - Chunk #121 Reasoning: None
2025-02-03T11:17:53.817250 - Chunk #121 Content: 帮助你的
2025-02-03T11:17:53.969154 - Chunk #122 Reasoning: None
2025-02-03T11:17:53.984144 - Chunk #122 Content: 吗？
2025-02-03T11:17:54.143047 - Chunk #123 Reasoning: None
2025-02-03T11:17:54.157036 - Chunk #123 Content: 无论是问题
2025-02-03T11:17:54.317936 - Chunk #124 Reasoning: None
2025-02-03T11:17:54.334925 - Chunk #124 Content: 、建议
2025-02-03T11:17:54.490826 - Chunk #125 Reasoning: None
2025-02-03T11:17:54.506816 - Chunk #125 Content: 还是闲聊
2025-02-03T11:17:54.672713 - Chunk #126 Reasoning: None
2025-02-03T11:17:54.688702 - Chunk #126 Content: ，我
2025-02-03T11:17:54.846602 - Chunk #127 Reasoning: None
2025-02-03T11:17:54.863592 - Chunk #127 Content: 都在这里
2025-02-03T11:17:55.025491 - Chunk #128 Reasoning: None
2025-02-03T11:17:55.044480 - Chunk #128 Content: 为你服务
2025-02-03T11:17:55.360361 - Chunk #129 Reasoning: None
2025-02-03T11:17:55.375353 - Chunk #129 Content: 。😊
2025-02-03T11:17:55.412328 - Chunk #130 Reasoning: None
2025-02-03T11:17:55.428320 - Chunk #130 Content: 
2025-02-03T11:17:55.448737 - Final Reasoning Content: 嗯，用户发来“你好”，这是很常见的打招呼方式。首先我要确定用户的需求是什么。可能有几种情况：他们可能只是想测试聊天机器人的反应，或者有具体的问题要问，但还没进入正题。这时候需要用友好的回应来鼓励他们进一步说明需求。同时，要简洁明了，表现出愿意帮助的态度。考虑到中文语境，保持礼貌和亲切很重要，避免使用过于正式或机械化的语言。另外，可能需要预判接下来的问题，比如关于信息查询、帮助解决问题，或者闲聊。所以要确保接下来的回复能覆盖这些可能性，让用户感到被理解和支持。另外，要注意语言的自然流畅，避免重复或冗余。还要检查有没有拼写或语法错误，确保专业性。最后，保持适当的长度，不要过长，让用户能够轻松读完。可能需要准备一个开放性结尾，邀请用户提出具体问题。

2025-02-03T11:17:55.465492 - Final Content: 

你好！很高兴见到你。有什么我可以帮助你的吗？无论是问题、建议还是闲聊，我都在这里为你服务。😊
2025-02-03T11:19:06.246154 - Conversation started.
2025-02-03T11:19:10.602918 - 系统提示词：始终保持专业的态度
2025-02-03T11:19:14.406047 - Chunk #1 Reasoning: None
2025-02-03T11:19:14.424032 - Chunk #1 Content: 
2025-02-03T11:19:14.476000 - Chunk #2 Reasoning: 好的
2025-02-03T11:19:14.490992 - Chunk #2 Content: 
2025-02-03T11:19:14.543996 - Chunk #3 Reasoning: ，用户
2025-02-03T11:19:14.625011 - Chunk #3 Content: 
2025-02-03T11:19:14.675030 - Chunk #4 Reasoning: 发
2025-02-03T11:19:14.736028 - Chunk #4 Content: 
2025-02-03T11:19:14.781029 - Chunk #5 Reasoning: 来了“
2025-02-03T11:19:14.819043 - Chunk #5 Content: 
2025-02-03T11:19:14.881637 - Chunk #6 Reasoning: 你好”，
2025-02-03T11:19:14.920613 - Chunk #6 Content: 
2025-02-03T11:19:14.995567 - Chunk #7 Reasoning: 这是一个
2025-02-03T11:19:15.028544 - Chunk #7 Content: 
2025-02-03T11:19:15.076515 - Chunk #8 Reasoning: 常见
2025-02-03T11:19:15.111493 - Chunk #8 Content: 
2025-02-03T11:19:15.137477 - Chunk #9 Reasoning: 的中文
2025-02-03T11:19:15.162462 - Chunk #9 Content: 
2025-02-03T11:19:15.186445 - Chunk #10 Reasoning: 问候。
2025-02-03T11:19:15.209432 - Chunk #10 Content: 
2025-02-03T11:19:15.243410 - Chunk #11 Reasoning: 我需要用
2025-02-03T11:19:15.293380 - Chunk #11 Content: 
2025-02-03T11:19:15.331355 - Chunk #12 Reasoning: 中文回复
2025-02-03T11:19:15.384321 - Chunk #12 Content: 
2025-02-03T11:19:15.413303 - Chunk #13 Reasoning: ，保持
2025-02-03T11:19:15.430197 - Chunk #13 Content: 
2025-02-03T11:19:15.463137 - Chunk #14 Reasoning: 友好和
2025-02-03T11:19:15.481119 - Chunk #14 Content: 
2025-02-03T11:19:15.514548 - Chunk #15 Reasoning: 自然。
2025-02-03T11:19:15.538532 - Chunk #15 Content: 
2025-02-03T11:19:15.568290 - Chunk #16 Reasoning: 首先确定
2025-02-03T11:19:15.619259 - Chunk #16 Content: 
2025-02-03T11:19:15.653237 - Chunk #17 Reasoning: 回复
2025-02-03T11:19:15.676222 - Chunk #17 Content: 
2025-02-03T11:19:15.725192 - Chunk #18 Reasoning: 要
2025-02-03T11:19:15.771162 - Chunk #18 Content: 
2025-02-03T11:19:15.825129 - Chunk #19 Reasoning: 简洁，
2025-02-03T11:19:15.861106 - Chunk #19 Content: 
2025-02-03T11:19:15.901081 - Chunk #20 Reasoning: 符合常见的
2025-02-03T11:19:15.966038 - Chunk #20 Content: 
2025-02-03T11:19:15.992025 - Chunk #21 Reasoning: 回应
2025-02-03T11:19:16.044992 - Chunk #21 Content: 
2025-02-03T11:19:16.080967 - Chunk #22 Reasoning: 方式，
2025-02-03T11:19:16.111949 - Chunk #22 Content: 
2025-02-03T11:19:16.152922 - Chunk #23 Reasoning: 比如“
2025-02-03T11:19:16.306824 - Chunk #23 Content: 
2025-02-03T11:19:16.426751 - Chunk #24 Reasoning: 你好！
2025-02-03T11:19:16.460730 - Chunk #24 Content: 
2025-02-03T11:19:16.520691 - Chunk #25 Reasoning: 很高兴
2025-02-03T11:19:16.577657 - Chunk #25 Content: 
2025-02-03T11:19:16.598641 - Chunk #26 Reasoning: 为你提供
2025-02-03T11:19:16.616632 - Chunk #26 Content: 
2025-02-03T11:19:16.665599 - Chunk #27 Reasoning: 帮助。
2025-02-03T11:19:16.695582 - Chunk #27 Content: 
2025-02-03T11:19:16.749548 - Chunk #28 Reasoning: 请问
2025-02-03T11:19:16.770534 - Chunk #28 Content: 
2025-02-03T11:19:16.820523 - Chunk #29 Reasoning: 有什么问题
2025-02-03T11:19:16.838511 - Chunk #29 Content: 
2025-02-03T11:19:16.915465 - Chunk #30 Reasoning: 或
2025-02-03T11:19:16.955530 - Chunk #30 Content: 
2025-02-03T11:19:16.988548 - Chunk #31 Reasoning: 话题
2025-02-03T11:19:17.041495 - Chunk #31 Content: 
2025-02-03T11:19:17.086466 - Chunk #32 Reasoning: 你想
2025-02-03T11:19:17.118446 - Chunk #32 Content: 
2025-02-03T11:19:17.179408 - Chunk #33 Reasoning: 讨论吗
2025-02-03T11:19:17.242370 - Chunk #33 Content: 
2025-02-03T11:19:17.308328 - Chunk #34 Reasoning: ？”接下来
2025-02-03T11:19:17.374286 - Chunk #34 Content: 
2025-02-03T11:19:17.447922 - Chunk #35 Reasoning: 检查
2025-02-03T11:19:17.472906 - Chunk #35 Content: 
2025-02-03T11:19:17.534867 - Chunk #36 Reasoning: 语法
2025-02-03T11:19:17.589832 - Chunk #36 Content: 
2025-02-03T11:19:17.671783 - Chunk #37 Reasoning: 是否正确
2025-02-03T11:19:17.721750 - Chunk #37 Content: 
2025-02-03T11:19:17.769720 - Chunk #38 Reasoning: ，表达
2025-02-03T11:19:17.825685 - Chunk #38 Content: 
2025-02-03T11:19:17.889645 - Chunk #39 Reasoning: 是否清晰
2025-02-03T11:19:17.952117 - Chunk #39 Content: 
2025-02-03T11:19:18.032071 - Chunk #40 Reasoning: 。确保
2025-02-03T11:19:18.086034 - Chunk #40 Content: 
2025-02-03T11:19:18.189970 - Chunk #41 Reasoning: 语气
2025-02-03T11:19:18.260924 - Chunk #41 Content: 
2025-02-03T11:19:18.302897 - Chunk #42 Reasoning: 亲切
2025-02-03T11:19:18.344872 - Chunk #42 Content: 
2025-02-03T11:19:18.449806 - Chunk #43 Reasoning: ，适合
2025-02-03T11:19:18.524758 - Chunk #43 Content: 
2025-02-03T11:19:18.582722 - Chunk #44 Reasoning: 各种
2025-02-03T11:19:18.641685 - Chunk #44 Content: 
2025-02-03T11:19:18.751617 - Chunk #45 Reasoning: 可能的
2025-02-03T11:19:18.806580 - Chunk #45 Content: 
2025-02-03T11:19:18.842559 - Chunk #46 Reasoning: 用户需求
2025-02-03T11:19:18.906520 - Chunk #46 Content: 
2025-02-03T11:19:18.954488 - Chunk #47 Reasoning: 。不用
2025-02-03T11:19:19.023443 - Chunk #47 Content: 
2025-02-03T11:19:19.080409 - Chunk #48 Reasoning: 太
2025-02-03T11:19:19.150366 - Chunk #48 Content: 
2025-02-03T11:19:19.184644 - Chunk #49 Reasoning: 复杂，
2025-02-03T11:19:19.221622 - Chunk #49 Content: 
2025-02-03T11:19:19.274589 - Chunk #50 Reasoning: 直接
2025-02-03T11:19:19.323557 - Chunk #50 Content: 
2025-02-03T11:19:19.359535 - Chunk #51 Reasoning: 回应
2025-02-03T11:19:19.377523 - Chunk #51 Content: 
2025-02-03T11:19:19.412500 - Chunk #52 Reasoning: 加上
2025-02-03T11:19:19.445482 - Chunk #52 Content: 
2025-02-03T11:19:19.503751 - Chunk #53 Reasoning: 开放
2025-02-03T11:19:19.541728 - Chunk #53 Content: 
2025-02-03T11:19:19.590697 - Chunk #54 Reasoning: 性的
2025-02-03T11:19:19.635670 - Chunk #54 Content: 
2025-02-03T11:19:19.708623 - Chunk #55 Reasoning: 问题
2025-02-03T11:19:19.779578 - Chunk #55 Content: 
2025-02-03T11:19:19.824550 - Chunk #56 Reasoning: ，促进
2025-02-03T11:19:19.881628 - Chunk #56 Content: 
2025-02-03T11:19:19.961577 - Chunk #57 Reasoning: 进一步
2025-02-03T11:19:20.026536 - Chunk #57 Content: 
2025-02-03T11:19:20.106487 - Chunk #58 Reasoning: 交流
2025-02-03T11:19:20.142613 - Chunk #58 Content: 
2025-02-03T11:19:20.205572 - Chunk #59 Reasoning: 。确认
2025-02-03T11:19:20.258539 - Chunk #59 Content: 
2025-02-03T11:19:20.307509 - Chunk #60 Reasoning: 没有使用
2025-02-03T11:19:20.340488 - Chunk #60 Content: 
2025-02-03T11:19:20.379305 - Chunk #61 Reasoning: Mark
2025-02-03T11:19:20.432272 - Chunk #61 Content: 
2025-02-03T11:19:20.519218 - Chunk #62 Reasoning: down格式
2025-02-03T11:19:20.576182 - Chunk #62 Content: 
2025-02-03T11:19:20.629151 - Chunk #63 Reasoning: ，保持
2025-02-03T11:19:20.673120 - Chunk #63 Content: 
2025-02-03T11:19:20.707099 - Chunk #64 Reasoning: 纯文本
2025-02-03T11:19:20.763065 - Chunk #64 Content: 
2025-02-03T11:19:20.833019 - Chunk #65 Reasoning: 。最后
2025-02-03T11:19:20.865999 - Chunk #65 Content: 
2025-02-03T11:19:20.959940 - Chunk #66 Reasoning: 再次
2025-02-03T11:19:21.048884 - Chunk #66 Content: 
2025-02-03T11:19:21.090859 - Chunk #67 Reasoning: 检查是否
2025-02-03T11:19:21.124837 - Chunk #67 Content: 
2025-02-03T11:19:21.165822 - Chunk #68 Reasoning: 自然
2025-02-03T11:19:21.200800 - Chunk #68 Content: 
2025-02-03T11:19:21.241773 - Chunk #69 Reasoning: ，确保
2025-02-03T11:19:21.289742 - Chunk #69 Content: 
2025-02-03T11:19:21.411665 - Chunk #70 Reasoning: 符合用户
2025-02-03T11:19:21.445766 - Chunk #70 Content: 
2025-02-03T11:19:21.497719 - Chunk #71 Reasoning: 的要求。
2025-02-03T11:19:21.547363 - Chunk #71 Content: 
2025-02-03T11:19:21.570859 - Chunk #72 Reasoning: 完成后
2025-02-03T11:19:21.588847 - Chunk #72 Content: 
2025-02-03T11:19:21.616828 - Chunk #73 Reasoning: 发送
2025-02-03T11:19:21.665799 - Chunk #73 Content: 
2025-02-03T11:19:21.715766 - Chunk #74 Reasoning: 回复即可
2025-02-03T11:19:21.762737 - Chunk #74 Content: 
2025-02-03T11:19:21.802713 - Chunk #75 Reasoning: 。

2025-02-03T11:19:21.831696 - Chunk #75 Content: 
2025-02-03T11:19:21.910643 - Chunk #76 Reasoning: None
2025-02-03T11:19:22.030569 - Chunk #76 Content: 


2025-02-03T11:19:22.066546 - Chunk #77 Reasoning: None
2025-02-03T11:19:22.131504 - Chunk #77 Content: 你好！
2025-02-03T11:19:22.182474 - Chunk #78 Reasoning: None
2025-02-03T11:19:22.234441 - Chunk #78 Content: 很高兴为你
2025-02-03T11:19:22.281463 - Chunk #79 Reasoning: None
2025-02-03T11:19:22.337428 - Chunk #79 Content: 提供帮助
2025-02-03T11:19:22.394391 - Chunk #80 Reasoning: None
2025-02-03T11:19:22.445506 - Chunk #80 Content: 。请问
2025-02-03T11:19:22.519434 - Chunk #81 Reasoning: None
2025-02-03T11:19:22.546418 - Chunk #81 Content: 有什么问题
2025-02-03T11:19:22.698322 - Chunk #82 Reasoning: None
2025-02-03T11:19:22.786267 - Chunk #82 Content: 或话题
2025-02-03T11:19:22.962159 - Chunk #83 Reasoning: None
2025-02-03T11:19:23.095073 - Chunk #83 Content: 你想讨论
2025-02-03T11:19:23.170026 - Chunk #84 Reasoning: None
2025-02-03T11:19:23.221993 - Chunk #84 Content: 吗？
2025-02-03T11:19:23.287950 - Chunk #85 Reasoning: None
2025-02-03T11:19:23.319932 - Chunk #85 Content: 
2025-02-03T11:19:23.378894 - Final Reasoning Content: 好的，用户发来了“你好”，这是一个常见的中文问候。我需要用中文回复，保持友好和自然。首先确定回复要简洁，符合常见的回应方式，比如“你好！很高兴为你提供帮助。请问有什么问题或话题你想讨论吗？”接下来检查语法是否正确，表达是否清晰。确保语气亲切，适合各种可能的用户需求。不用太复杂，直接回应加上开放性的问题，促进进一步交流。确认没有使用Markdown格式，保持纯文本。最后再次检查是否自然，确保符合用户的要求。完成后发送回复即可。

2025-02-03T11:19:23.462844 - Final Content: 

你好！很高兴为你提供帮助。请问有什么问题或话题你想讨论吗？
2025-02-03T11:20:48.174947 - Conversation started.
2025-02-03T11:20:50.685619 - 系统提示词：始终保持专业的态度
2025-02-03T11:21:10.380528 - Error occurred: 'Stream' object has no attribute 'choices'
Current messages: [{'role': 'system', 'content': '始终保持专业的态度'}, {'role': 'user', 'content': '你好'}]
