2025-01-26 23:05:02 [INFO] 发送命令: weather query
2025-01-26 23:05:02 [INFO] 发送命令: list
2025-01-26 23:05:03 [INFO] 发送命令: time query day
2025-01-26 23:05:03 [INFO] 发送命令: time query gametime
2025-01-26 23:05:04 [INFO] 已更新游戏信息到 0b2d0147-fe58-491c-b73c-04d761f29652
2025-01-26 23:05:14 [INFO] 发送命令: weather query
2025-01-26 23:05:14 [INFO] 发送命令: list
2025-01-26 23:05:15 [INFO] 发送命令: time query day
2025-01-26 23:05:15 [INFO] 发送命令: time query gametime
2025-01-26 23:05:16 [INFO] 已更新游戏信息到 0b2d0147-fe58-491c-b73c-04d761f29652
2025-01-26 23:05:26 [INFO] 发送命令: weather query
2025-01-26 23:05:26 [INFO] 发送命令: list
2025-01-26 23:05:27 [INFO] 发送命令: time query day
2025-01-26 23:05:27 [INFO] 发送命令: time query gametime
2025-01-26 23:05:28 [INFO] 已更新游戏信息到 0b2d0147-fe58-491c-b73c-04d761f29652
2025-01-26 23:05:38 [INFO] 发送命令: weather query
2025-01-26 23:05:38 [INFO] 发送命令: list
2025-01-26 23:05:39 [INFO] 发送命令: time query day
2025-01-26 23:05:39 [INFO] 发送命令: time query gametime
2025-01-26 23:05:40 [INFO] 已更新游戏信息到 0b2d0147-fe58-491c-b73c-04d761f29652
2025-01-26 23:05:50 [INFO] 发送命令: weather query
2025-01-26 23:05:50 [INFO] 发送命令: list
2025-01-26 23:05:51 [INFO] 发送命令: time query day
2025-01-26 23:05:51 [INFO] 发送命令: time query gametime
2025-01-26 23:05:52 [INFO] 已更新游戏信息到 0b2d0147-fe58-491c-b73c-04d761f29652
2025-01-26 23:06:02 [INFO] 发送命令: weather query
2025-01-26 23:06:02 [INFO] 发送命令: list
2025-01-26 23:06:03 [INFO] 发送命令: time query day
2025-01-26 23:06:03 [INFO] 发送命令: time query gametime
2025-01-26 23:06:04 [INFO] 已更新游戏信息到 0b2d0147-fe58-491c-b73c-04d761f29652
2025-01-26 23:06:14 [INFO] 发送命令: weather query
2025-01-26 23:06:14 [INFO] 发送命令: list
2025-01-26 23:06:15 [INFO] 发送命令: time query day
2025-01-26 23:06:15 [INFO] 发送命令: time query gametime
2025-01-26 23:06:16 [INFO] 已更新游戏信息到 0b2d0147-fe58-491c-b73c-04d761f29652
2025-01-26 23:06:26 [INFO] 发送命令: weather query
2025-01-26 23:06:26 [INFO] 发送命令: list
2025-01-26 23:06:27 [INFO] 发送命令: time query day
2025-01-26 23:06:27 [INFO] 发送命令: time query gametime
2025-01-26 23:06:28 [INFO] 已更新游戏信息到 0b2d0147-fe58-491c-b73c-04d761f29652
2025-01-26 23:06:38 [INFO] 发送命令: weather query
2025-01-26 23:06:38 [INFO] 发送命令: list
2025-01-26 23:06:39 [INFO] 发送命令: time query day
2025-01-26 23:06:39 [INFO] 发送命令: time query gametime
2025-01-26 23:06:40 [INFO] 已更新游戏信息到 0b2d0147-fe58-491c-b73c-04d761f29652
2025-01-26 23:06:50 [INFO] 发送命令: weather query
2025-01-26 23:06:51 [INFO] 发送命令: list
2025-01-26 23:06:51 [INFO] 发送命令: time query day
2025-01-26 23:06:52 [INFO] 发送命令: time query gametime
2025-01-26 23:06:52 [INFO] 已更新游戏信息到 0b2d0147-fe58-491c-b73c-04d761f29652
2025-01-26 23:07:02 [INFO] 发送命令: weather query
2025-01-26 23:07:03 [INFO] 发送命令: list
2025-01-26 23:07:03 [INFO] 发送命令: time query day
2025-01-26 23:07:04 [INFO] 发送命令: time query gametime
2025-01-26 23:07:04 [INFO] 已更新游戏信息到 0b2d0147-fe58-491c-b73c-04d761f29652
2025-01-26 23:07:14 [INFO] 发送命令: weather query
2025-01-26 23:07:15 [INFO] 发送命令: list
2025-01-26 23:07:15 [INFO] 发送命令: time query day
2025-01-26 23:07:16 [INFO] 发送命令: time query gametime
2025-01-26 23:07:17 [INFO] 已更新游戏信息到 0b2d0147-fe58-491c-b73c-04d761f29652
2025-01-26 23:07:36 [INFO] 发送命令: weather query
2025-01-26 23:07:37 [INFO] 发送命令: list
2025-01-26 23:07:37 [INFO] 发送命令: time query day
2025-01-26 23:07:38 [INFO] 发送命令: time query gametime
2025-01-26 23:07:38 [INFO] 已更新游戏信息到 7ffae623-5a28-4abd-9a4f-d0bd9ded86e3
2025-01-26 23:07:48 [INFO] 发送命令: weather query
2025-01-26 23:07:49 [INFO] 发送命令: list
2025-01-26 23:07:49 [INFO] 发送命令: time query day
2025-01-26 23:07:50 [INFO] 发送命令: time query gametime
2025-01-26 23:07:50 [INFO] 已更新游戏信息到 7ffae623-5a28-4abd-9a4f-d0bd9ded86e3
2025-01-26 23:08:00 [INFO] 发送命令: weather query
2025-01-26 23:08:01 [INFO] 发送命令: list
2025-01-26 23:08:02 [INFO] 发送命令: time query day
2025-01-26 23:08:03 [INFO] 发送命令: time query gametime
2025-01-26 23:08:04 [INFO] 已更新游戏信息到 7ffae623-5a28-4abd-9a4f-d0bd9ded86e3
2025-01-26 23:08:14 [INFO] 发送命令: weather query
2025-01-26 23:08:14 [INFO] 发送命令: list
2025-01-26 23:08:15 [INFO] 发送命令: time query day
2025-01-26 23:08:16 [INFO] 发送命令: time query gametime
2025-01-26 23:08:16 [INFO] 已更新游戏信息到 7ffae623-5a28-4abd-9a4f-d0bd9ded86e3
2025-01-26 23:08:26 [INFO] 发送命令: weather query
2025-01-26 23:08:27 [INFO] 发送命令: list
2025-01-26 23:08:28 [INFO] 发送命令: time query day
2025-01-26 23:08:28 [INFO] 发送命令: time query gametime
2025-01-26 23:08:30 [INFO] 已更新游戏信息到 7ffae623-5a28-4abd-9a4f-d0bd9ded86e3
2025-01-26 23:08:40 [INFO] 发送命令: weather query
2025-01-26 23:08:41 [INFO] 发送命令: list
2025-01-26 23:08:41 [INFO] 发送命令: time query day
2025-01-26 23:08:42 [INFO] 发送命令: time query gametime
2025-01-26 23:08:42 [INFO] 已更新游戏信息到 7ffae623-5a28-4abd-9a4f-d0bd9ded86e3
2025-01-26 23:08:52 [INFO] 发送命令: weather query
2025-01-26 23:08:53 [INFO] 发送命令: list
2025-01-26 23:08:53 [INFO] 发送命令: time query day
2025-01-26 23:08:54 [INFO] 发送命令: time query gametime
2025-01-26 23:08:54 [INFO] 已更新游戏信息到 7ffae623-5a28-4abd-9a4f-d0bd9ded86e3
2025-01-26 23:09:04 [INFO] 发送命令: weather query
2025-01-26 23:09:05 [INFO] 发送命令: list
2025-01-26 23:09:06 [INFO] 发送命令: time query day
2025-01-26 23:09:06 [INFO] 发送命令: time query gametime
2025-01-26 23:09:07 [INFO] 已更新游戏信息到 7ffae623-5a28-4abd-9a4f-d0bd9ded86e3
2025-01-26 23:09:17 [INFO] 发送命令: weather query
2025-01-26 23:09:17 [INFO] 发送命令: list
2025-01-26 23:09:18 [INFO] 发送命令: time query day
2025-01-26 23:09:18 [INFO] 发送命令: time query gametime
2025-01-26 23:09:19 [INFO] 已更新游戏信息到 7ffae623-5a28-4abd-9a4f-d0bd9ded86e3
2025-01-26 23:09:29 [INFO] 发送命令: weather query
2025-01-26 23:09:29 [INFO] 发送命令: list
2025-01-26 23:09:30 [INFO] 发送命令: time query day
2025-01-26 23:09:30 [INFO] 发送命令: time query gametime
2025-01-26 23:09:31 [INFO] 已更新游戏信息到 7ffae623-5a28-4abd-9a4f-d0bd9ded86e3
2025-01-26 23:09:41 [INFO] 发送命令: weather query
2025-01-26 23:09:41 [INFO] 发送命令: list
2025-01-26 23:09:42 [INFO] 发送命令: time query day
2025-01-26 23:09:42 [INFO] 发送命令: time query gametime
2025-01-26 23:09:43 [INFO] 已更新游戏信息到 7ffae623-5a28-4abd-9a4f-d0bd9ded86e3
2025-01-26 23:09:54 [INFO] 发送命令: weather query
2025-01-26 23:09:55 [INFO] 发送命令: list
2025-01-26 23:09:55 [INFO] 发送命令: time query day
2025-01-26 23:09:56 [INFO] 发送命令: time query gametime
2025-01-26 23:09:56 [INFO] 已更新游戏信息到 7ffae623-5a28-4abd-9a4f-d0bd9ded86e3
2025-01-26 23:10:06 [INFO] 发送命令: weather query
2025-01-26 23:10:07 [INFO] 发送命令: list
2025-01-26 23:10:07 [INFO] 发送命令: time query day
2025-01-26 23:10:08 [INFO] 发送命令: time query gametime
2025-01-26 23:10:08 [INFO] 已更新游戏信息到 7ffae623-5a28-4abd-9a4f-d0bd9ded86e3
2025-01-26 23:10:18 [INFO] 发送命令: weather query
2025-01-26 23:10:19 [INFO] 发送命令: list
2025-01-26 23:10:19 [INFO] 发送命令: time query day
2025-01-26 23:10:20 [INFO] 发送命令: time query gametime
2025-01-26 23:10:20 [INFO] 已更新游戏信息到 7ffae623-5a28-4abd-9a4f-d0bd9ded86e3
2025-01-26 23:10:30 [INFO] 发送命令: weather query
2025-01-26 23:10:31 [INFO] 发送命令: list
2025-01-26 23:10:31 [INFO] 发送命令: time query day
2025-01-26 23:10:32 [INFO] 发送命令: time query gametime
2025-01-26 23:10:32 [INFO] 已更新游戏信息到 7ffae623-5a28-4abd-9a4f-d0bd9ded86e3
2025-01-26 23:10:42 [INFO] 发送命令: weather query
2025-01-26 23:10:43 [INFO] 发送命令: list
2025-01-26 23:10:43 [INFO] 发送命令: time query day
2025-01-26 23:10:44 [INFO] 发送命令: time query gametime
2025-01-26 23:10:44 [INFO] 已更新游戏信息到 7ffae623-5a28-4abd-9a4f-d0bd9ded86e3
2025-01-26 23:10:54 [INFO] 发送命令: weather query
2025-01-26 23:10:55 [INFO] 发送命令: list
2025-01-26 23:10:55 [INFO] 发送命令: time query day
2025-01-26 23:10:56 [INFO] 发送命令: time query gametime
2025-01-26 23:10:56 [INFO] 已更新游戏信息到 7ffae623-5a28-4abd-9a4f-d0bd9ded86e3
2025-01-26 23:11:06 [INFO] 发送命令: weather query
2025-01-26 23:11:07 [INFO] 发送命令: list
2025-01-26 23:11:07 [INFO] 发送命令: time query day
2025-01-26 23:11:08 [INFO] 发送命令: time query gametime
2025-01-26 23:11:08 [INFO] 已更新游戏信息到 7ffae623-5a28-4abd-9a4f-d0bd9ded86e3
2025-01-26 23:11:19 [INFO] 发送命令: weather query
2025-01-26 23:11:19 [INFO] 发送命令: list
2025-01-26 23:11:20 [INFO] 发送命令: time query day
2025-01-26 23:11:20 [INFO] 发送命令: time query gametime
2025-01-26 23:11:21 [INFO] 已更新游戏信息到 7ffae623-5a28-4abd-9a4f-d0bd9ded86e3
2025-01-26 23:11:31 [INFO] 发送命令: weather query
2025-01-26 23:11:31 [INFO] 发送命令: list
2025-01-26 23:11:32 [INFO] 发送命令: time query day
2025-01-26 23:11:32 [INFO] 发送命令: time query gametime
2025-01-26 23:11:33 [INFO] 已更新游戏信息到 7ffae623-5a28-4abd-9a4f-d0bd9ded86e3
2025-01-26 23:11:43 [INFO] 发送命令: weather query
2025-01-26 23:11:43 [INFO] 发送命令: list
2025-01-26 23:11:44 [INFO] 发送命令: time query day
2025-01-26 23:11:44 [INFO] 发送命令: time query gametime
2025-01-26 23:11:45 [INFO] 已更新游戏信息到 7ffae623-5a28-4abd-9a4f-d0bd9ded86e3
2025-01-26 23:11:55 [INFO] 发送命令: weather query
2025-01-26 23:11:55 [INFO] 发送命令: list
2025-01-26 23:11:56 [INFO] 发送命令: time query day
2025-01-26 23:11:56 [INFO] 发送命令: time query gametime
2025-01-26 23:11:57 [INFO] 已更新游戏信息到 7ffae623-5a28-4abd-9a4f-d0bd9ded86e3
2025-01-26 23:12:07 [INFO] 发送命令: weather query
2025-01-26 23:12:07 [INFO] 发送命令: list
2025-01-26 23:12:08 [INFO] 发送命令: time query day
2025-01-26 23:12:08 [INFO] 发送命令: time query gametime
2025-01-26 23:12:09 [INFO] 已更新游戏信息到 7ffae623-5a28-4abd-9a4f-d0bd9ded86e3
2025-01-26 23:12:43 [INFO] 发送命令: weather query
2025-01-26 23:12:43 [INFO] 发送命令: list
2025-01-26 23:12:44 [INFO] 发送命令: time query day
2025-01-26 23:12:44 [INFO] 发送命令: time query gametime
2025-01-26 23:12:45 [INFO] 已更新游戏信息到 f41744b0-95d7-41ea-8728-a072e83b3b39
2025-01-26 23:12:55 [INFO] 发送命令: weather query
2025-01-26 23:12:55 [INFO] 发送命令: list
2025-01-26 23:12:56 [INFO] 发送命令: time query day
2025-01-26 23:12:56 [INFO] 发送命令: time query gametime
2025-01-26 23:12:57 [INFO] 已更新游戏信息到 f41744b0-95d7-41ea-8728-a072e83b3b39
2025-01-26 23:13:07 [INFO] 发送命令: weather query
2025-01-26 23:13:07 [INFO] 发送命令: list
2025-01-26 23:13:08 [INFO] 发送命令: time query day
2025-01-26 23:13:08 [INFO] 发送命令: time query gametime
2025-01-26 23:13:09 [INFO] 已更新游戏信息到 f41744b0-95d7-41ea-8728-a072e83b3b39
2025-01-26 23:13:19 [INFO] 发送命令: weather query
2025-01-26 23:13:19 [INFO] 发送命令: list
2025-01-26 23:13:20 [INFO] 发送命令: time query day
2025-01-26 23:13:21 [INFO] 发送命令: time query gametime
2025-01-26 23:13:22 [INFO] 已更新游戏信息到 f41744b0-95d7-41ea-8728-a072e83b3b39
2025-01-26 23:13:32 [INFO] 发送命令: weather query
2025-01-26 23:13:32 [INFO] 发送命令: list
2025-01-26 23:13:33 [INFO] 发送命令: time query day
2025-01-26 23:13:33 [INFO] 发送命令: time query gametime
2025-01-26 23:13:34 [INFO] 已更新游戏信息到 f41744b0-95d7-41ea-8728-a072e83b3b39
2025-01-26 23:13:44 [INFO] 发送命令: weather query
2025-01-26 23:13:44 [INFO] 发送命令: list
2025-01-26 23:13:45 [INFO] 发送命令: time query day
2025-01-26 23:13:45 [INFO] 发送命令: time query gametime
2025-01-26 23:13:47 [INFO] 已更新游戏信息到 f41744b0-95d7-41ea-8728-a072e83b3b39
2025-01-26 23:13:57 [INFO] 发送命令: weather query
2025-01-26 23:13:57 [INFO] 发送命令: list
2025-01-26 23:13:58 [INFO] 发送命令: time query day
2025-01-26 23:13:59 [INFO] 发送命令: time query gametime
2025-01-26 23:13:59 [INFO] 已更新游戏信息到 f41744b0-95d7-41ea-8728-a072e83b3b39
2025-01-26 23:14:09 [INFO] 发送命令: weather query
2025-01-26 23:21:58 [INFO] 发送命令: list
2025-01-26 23:21:58 [INFO] 发送命令: time query day
2025-01-26 23:21:59 [INFO] 发送命令: time query gametime
2025-01-26 23:21:59 [INFO] 已更新游戏信息到 f41744b0-95d7-41ea-8728-a072e83b3b39
2025-01-26 23:22:26 [INFO] 发送命令: weather query
2025-01-26 23:22:27 [INFO] 发送命令: list
2025-01-26 23:22:27 [INFO] 发送命令: time query day
2025-01-26 23:22:28 [INFO] 发送命令: time query gametime
2025-01-26 23:22:28 [INFO] 已更新游戏信息到 5cec940b-c304-45ac-a860-2be695519f4a
2025-01-26 23:22:38 [INFO] 发送命令: weather query
2025-01-26 23:22:41 [INFO] 发送命令: list
2025-01-26 23:22:41 [INFO] 发送命令: time query day
2025-01-26 23:22:42 [INFO] 发送命令: time query gametime
2025-01-26 23:22:42 [INFO] 已更新游戏信息到 5cec940b-c304-45ac-a860-2be695519f4a
2025-01-26 23:22:52 [INFO] 发送命令: weather query
2025-01-26 23:22:53 [INFO] 发送命令: list
2025-01-26 23:22:53 [INFO] 发送命令: time query day
2025-01-26 23:22:54 [INFO] 发送命令: time query gametime
2025-01-26 23:22:55 [INFO] 已更新游戏信息到 5cec940b-c304-45ac-a860-2be695519f4a
2025-01-26 23:23:05 [INFO] 发送命令: weather query
2025-01-26 23:23:05 [INFO] 发送命令: list
2025-01-26 23:23:06 [INFO] 发送命令: time query day
2025-01-26 23:23:06 [INFO] 发送命令: time query gametime
2025-01-26 23:23:07 [INFO] 已更新游戏信息到 5cec940b-c304-45ac-a860-2be695519f4a
2025-01-26 23:23:17 [INFO] 发送命令: weather query
2025-01-26 23:23:17 [INFO] 发送命令: list
2025-01-26 23:23:18 [INFO] 发送命令: time query day
2025-01-26 23:23:18 [INFO] 发送命令: time query gametime
2025-01-26 23:23:19 [INFO] 已更新游戏信息到 5cec940b-c304-45ac-a860-2be695519f4a
2025-01-26 23:23:29 [INFO] 发送命令: weather query
2025-01-26 23:23:29 [INFO] 发送命令: list
2025-01-26 23:23:30 [INFO] 发送命令: time query day
2025-01-26 23:23:30 [INFO] 发送命令: time query gametime
2025-01-26 23:23:31 [INFO] 已更新游戏信息到 5cec940b-c304-45ac-a860-2be695519f4a
2025-01-26 23:23:41 [INFO] 发送命令: weather query
2025-01-26 23:23:41 [INFO] 发送命令: list
2025-01-26 23:23:42 [INFO] 发送命令: time query day
2025-01-26 23:23:42 [INFO] 发送命令: time query gametime
2025-01-26 23:24:02 [INFO] 发送命令: weather query
2025-01-26 23:24:03 [INFO] 发送命令: list
2025-01-26 23:24:03 [INFO] 发送命令: time query day
2025-01-26 23:24:04 [INFO] 发送命令: time query gametime
2025-01-26 23:24:05 [INFO] 已更新游戏信息到 50cdad96-f5b2-4d8b-9531-fcb1d321ac29
2025-01-26 23:24:15 [INFO] 发送命令: weather query
2025-01-26 23:24:15 [INFO] 发送命令: list
2025-01-26 23:24:16 [INFO] 发送命令: time query day
2025-01-26 23:24:16 [INFO] 发送命令: time query gametime
2025-01-26 23:24:17 [INFO] 已更新游戏信息到 50cdad96-f5b2-4d8b-9531-fcb1d321ac29
2025-01-26 23:24:27 [INFO] 发送命令: weather query
2025-01-26 23:24:27 [INFO] 发送命令: list
2025-01-26 23:24:28 [INFO] 发送命令: time query day
2025-01-26 23:24:28 [INFO] 发送命令: time query gametime
2025-01-26 23:24:29 [INFO] 已更新游戏信息到 50cdad96-f5b2-4d8b-9531-fcb1d321ac29
2025-01-26 23:24:39 [INFO] 发送命令: weather query
2025-01-26 23:24:39 [INFO] 发送命令: list
2025-01-26 23:24:40 [INFO] 发送命令: time query day
2025-01-26 23:24:40 [INFO] 发送命令: time query gametime
2025-01-26 23:24:41 [INFO] 已更新游戏信息到 50cdad96-f5b2-4d8b-9531-fcb1d321ac29
2025-01-26 23:24:51 [INFO] 发送命令: weather query
2025-01-26 23:24:51 [INFO] 发送命令: list
2025-01-26 23:24:52 [INFO] 发送命令: time query day
2025-01-26 23:24:52 [INFO] 发送命令: time query gametime
2025-01-26 23:24:53 [INFO] 已更新游戏信息到 50cdad96-f5b2-4d8b-9531-fcb1d321ac29
2025-01-26 23:25:03 [INFO] 发送命令: weather query
2025-01-26 23:25:03 [INFO] 发送命令: list
2025-01-26 23:25:04 [INFO] 发送命令: time query day
2025-01-26 23:25:04 [INFO] 发送命令: time query gametime
2025-01-26 23:25:05 [INFO] 已更新游戏信息到 50cdad96-f5b2-4d8b-9531-fcb1d321ac29
2025-01-26 23:25:44 [INFO] 发送命令: weather query
2025-01-26 23:25:45 [INFO] 发送命令: list
2025-01-26 23:25:45 [INFO] 发送命令: time query day
2025-01-26 23:25:46 [INFO] 发送命令: time query gametime
2025-01-26 23:25:46 [INFO] 已更新游戏信息到 21cb39e2-5185-4a60-8a7a-0278cdbc4422
2025-01-26 23:25:56 [INFO] 发送命令: weather query
2025-01-26 23:25:57 [INFO] 发送命令: list
2025-01-26 23:25:57 [INFO] 发送命令: time query day
2025-01-26 23:25:58 [INFO] 发送命令: time query gametime
2025-01-26 23:25:58 [INFO] 已更新游戏信息到 21cb39e2-5185-4a60-8a7a-0278cdbc4422
2025-01-26 23:26:08 [INFO] 发送命令: weather query
2025-01-26 23:26:09 [INFO] 发送命令: list
2025-01-26 23:26:09 [INFO] 发送命令: time query day
2025-01-26 23:26:10 [INFO] 发送命令: time query gametime
2025-01-26 23:26:10 [INFO] 已更新游戏信息到 21cb39e2-5185-4a60-8a7a-0278cdbc4422
2025-01-26 23:26:20 [INFO] 发送命令: weather query
2025-01-26 23:26:22 [INFO] 发送命令: list
2025-01-26 23:26:23 [INFO] 发送命令: time query day
2025-01-26 23:26:23 [INFO] 发送命令: time query gametime
2025-01-26 23:26:24 [INFO] 已更新游戏信息到 21cb39e2-5185-4a60-8a7a-0278cdbc4422
2025-01-26 23:28:55 [INFO] 发送命令: weather query
2025-01-26 23:28:56 [INFO] 发送命令: list
2025-01-26 23:28:56 [INFO] 发送命令: time query day
2025-01-26 23:28:57 [INFO] 发送命令: time query gametime
2025-01-26 23:28:57 [INFO] 已更新游戏信息到 10c0fa64-700f-4c37-ad31-0d20407d7953
2025-01-26 23:29:07 [INFO] 发送命令: weather query
2025-01-26 23:29:08 [INFO] 发送命令: list
2025-01-26 23:29:08 [INFO] 发送命令: time query day
2025-01-26 23:29:09 [INFO] 发送命令: time query gametime
2025-01-26 23:29:09 [INFO] 已更新游戏信息到 10c0fa64-700f-4c37-ad31-0d20407d7953
2025-01-26 23:29:19 [INFO] 发送命令: weather query
2025-01-26 23:29:20 [INFO] 发送命令: list
2025-01-26 23:29:20 [INFO] 发送命令: time query day
2025-01-26 23:29:21 [INFO] 发送命令: time query gametime
2025-01-26 23:29:21 [INFO] 已更新游戏信息到 10c0fa64-700f-4c37-ad31-0d20407d7953
2025-01-26 23:29:31 [INFO] 发送命令: weather query
2025-01-26 23:29:32 [INFO] 发送命令: list
2025-01-26 23:29:32 [INFO] 发送命令: time query day
2025-01-26 23:29:33 [INFO] 发送命令: time query gametime
2025-01-26 23:29:33 [INFO] 已更新游戏信息到 10c0fa64-700f-4c37-ad31-0d20407d7953
2025-01-26 23:29:43 [INFO] 发送命令: weather query
2025-01-26 23:29:44 [INFO] 发送命令: list
2025-01-26 23:29:44 [INFO] 发送命令: time query day
2025-01-26 23:29:45 [INFO] 发送命令: time query gametime
2025-01-26 23:29:45 [INFO] 已更新游戏信息到 10c0fa64-700f-4c37-ad31-0d20407d7953
2025-01-26 23:29:55 [INFO] 发送命令: weather query
2025-01-26 23:29:56 [INFO] 发送命令: list
2025-01-26 23:29:57 [INFO] 发送命令: time query day
2025-01-26 23:29:57 [INFO] 发送命令: time query gametime
2025-01-26 23:29:58 [INFO] 已更新游戏信息到 10c0fa64-700f-4c37-ad31-0d20407d7953
2025-01-26 23:30:08 [INFO] 发送命令: weather query
2025-01-26 23:30:08 [INFO] 发送命令: list
2025-01-26 23:30:09 [INFO] 发送命令: time query day
2025-01-26 23:30:09 [INFO] 发送命令: time query gametime
2025-01-26 23:30:10 [INFO] 已更新游戏信息到 10c0fa64-700f-4c37-ad31-0d20407d7953
2025-01-26 23:30:20 [INFO] 发送命令: weather query
2025-01-26 23:30:20 [INFO] 发送命令: list
2025-01-26 23:30:21 [INFO] 发送命令: time query day
2025-01-26 23:30:21 [INFO] 发送命令: time query gametime
2025-01-26 23:30:22 [INFO] 已更新游戏信息到 10c0fa64-700f-4c37-ad31-0d20407d7953
2025-01-26 23:30:32 [INFO] 发送命令: weather query
2025-01-26 23:30:32 [INFO] 发送命令: list
2025-01-26 23:30:33 [INFO] 发送命令: time query day
2025-01-26 23:30:33 [INFO] 发送命令: time query gametime
2025-01-26 23:30:34 [INFO] 已更新游戏信息到 10c0fa64-700f-4c37-ad31-0d20407d7953
2025-01-26 23:30:44 [INFO] 发送命令: weather query
2025-01-26 23:30:44 [INFO] 发送命令: list
2025-01-26 23:30:45 [INFO] 发送命令: time query day
2025-01-26 23:30:45 [INFO] 发送命令: time query gametime
2025-01-26 23:30:46 [INFO] 已更新游戏信息到 10c0fa64-700f-4c37-ad31-0d20407d7953
2025-01-26 23:30:56 [INFO] 发送命令: weather query
2025-01-26 23:30:56 [INFO] 发送命令: list
2025-01-26 23:30:57 [INFO] 发送命令: time query day
2025-01-26 23:30:57 [INFO] 发送命令: time query gametime
2025-01-26 23:30:58 [INFO] 已更新游戏信息到 10c0fa64-700f-4c37-ad31-0d20407d7953
2025-01-26 23:31:08 [INFO] 发送命令: weather query
2025-01-26 23:31:08 [INFO] 发送命令: list
2025-01-26 23:31:09 [INFO] 发送命令: time query day
2025-01-26 23:31:09 [INFO] 发送命令: time query gametime
2025-01-26 23:31:10 [INFO] 已更新游戏信息到 10c0fa64-700f-4c37-ad31-0d20407d7953
2025-01-26 23:31:20 [INFO] 发送命令: weather query
2025-01-26 23:31:20 [INFO] 发送命令: list
2025-01-26 23:31:21 [INFO] 发送命令: time query day
2025-01-26 23:31:21 [INFO] 发送命令: time query gametime
2025-01-26 23:31:22 [INFO] 已更新游戏信息到 10c0fa64-700f-4c37-ad31-0d20407d7953
2025-01-26 23:31:32 [INFO] 发送命令: weather query
2025-01-26 23:31:32 [INFO] 发送命令: list
2025-01-26 23:31:33 [INFO] 发送命令: time query day
2025-01-26 23:31:33 [INFO] 发送命令: time query gametime
2025-01-26 23:31:34 [INFO] 已更新游戏信息到 10c0fa64-700f-4c37-ad31-0d20407d7953
2025-01-26 23:31:44 [INFO] 发送命令: weather query
2025-01-26 23:31:45 [INFO] 发送命令: list
2025-01-26 23:31:45 [INFO] 发送命令: time query day
2025-01-26 23:31:46 [INFO] 发送命令: time query gametime
2025-01-26 23:31:46 [INFO] 已更新游戏信息到 10c0fa64-700f-4c37-ad31-0d20407d7953
2025-01-26 23:31:56 [INFO] 发送命令: weather query
2025-01-26 23:31:57 [INFO] 发送命令: list
2025-01-26 23:31:57 [INFO] 发送命令: time query day
2025-01-26 23:31:58 [INFO] 发送命令: time query gametime
2025-01-26 23:31:58 [INFO] 已更新游戏信息到 10c0fa64-700f-4c37-ad31-0d20407d7953
2025-01-26 23:32:08 [INFO] 发送命令: weather query
2025-01-26 23:32:09 [INFO] 发送命令: list
2025-01-26 23:32:09 [INFO] 发送命令: time query day
2025-01-26 23:32:10 [INFO] 发送命令: time query gametime
2025-01-26 23:32:10 [INFO] 已更新游戏信息到 10c0fa64-700f-4c37-ad31-0d20407d7953
2025-01-26 23:32:36 [INFO] 更新游戏信息时发生错误: name 'run_command' is not defined
2025-01-26 23:32:46 [INFO] 更新游戏信息时发生错误: name 'run_command' is not defined
2025-01-26 23:32:56 [INFO] 更新游戏信息时发生错误: name 'run_command' is not defined
2025-01-26 23:33:06 [INFO] 更新游戏信息时发生错误: name 'run_command' is not defined
2025-01-26 23:33:16 [INFO] 更新游戏信息时发生错误: name 'run_command' is not defined
2025-01-26 23:33:26 [INFO] 更新游戏信息时发生错误: name 'run_command' is not defined
2025-01-26 23:33:36 [INFO] 更新游戏信息时发生错误: name 'run_command' is not defined
2025-01-26 23:33:46 [INFO] 更新游戏信息时发生错误: name 'run_command' is not defined
2025-01-26 23:33:56 [INFO] 更新游戏信息时发生错误: name 'run_command' is not defined
2025-01-26 23:34:06 [INFO] 更新游戏信息时发生错误: name 'run_command' is not defined
2025-01-26 23:34:16 [INFO] 更新游戏信息时发生错误: name 'run_command' is not defined
2025-01-26 23:34:26 [INFO] 更新游戏信息时发生错误: name 'run_command' is not defined
2025-01-26 23:34:36 [INFO] 更新游戏信息时发生错误: name 'run_command' is not defined
2025-01-26 23:34:46 [INFO] 更新游戏信息时发生错误: name 'run_command' is not defined
2025-01-26 23:35:07 [INFO] 已更新游戏信息到 a66e094c-a744-4598-a526-6b630f631964
2025-01-26 23:35:07 [INFO] 已更新游戏信息到 a66e094c-a744-4598-a526-6b630f631964
2025-01-26 23:36:02 [INFO] 已更新游戏信息到 a66e094c-a744-4598-a526-6b630f631964
2025-01-26 23:36:02 [INFO] 已更新游戏信息到 a66e094c-a744-4598-a526-6b630f631964
2025-01-26 23:36:14 [INFO] 已更新游戏信息到 a66e094c-a744-4598-a526-6b630f631964
2025-01-26 23:36:14 [INFO] 已更新游戏信息到 a66e094c-a744-4598-a526-6b630f631964
2025-01-26 23:36:26 [INFO] 已更新游戏信息到 a66e094c-a744-4598-a526-6b630f631964
2025-01-26 23:36:26 [INFO] 已更新游戏信息到 a66e094c-a744-4598-a526-6b630f631964
2025-01-26 23:36:38 [INFO] 已更新游戏信息到 a66e094c-a744-4598-a526-6b630f631964
2025-01-26 23:36:39 [INFO] 已更新游戏信息到 a66e094c-a744-4598-a526-6b630f631964
2025-01-26 23:37:03 [INFO] 已更新游戏信息到 a66e094c-a744-4598-a526-6b630f631964
2025-01-26 23:37:03 [INFO] 已更新游戏信息到 a66e094c-a744-4598-a526-6b630f631964
